// Jest Snapshot v1, https://goo.gl/fbAQLP

exports[`The DotcomComponents stack matches the snapshot 1`] = `
Object {
  "Metadata": Object {
    "gu:cdk:constructs": Array [
      "GuStringParameter",
      "GuStringParameter",
      "GuAlarm",
      "GuAlarm",
      "GuAlarm",
      "GuAlarm",
      "GuAlarm",
      "GuDistributionBucketParameter",
      "GuGetS3ObjectsPolicy",
      "GuGetS3ObjectsPolicy",
      "GuDynamoDBReadPolicy",
      "GuDynamoDBReadPolicy",
      "GuPutCloudwatchMetricsPolicy",
      "GuDynamoDBReadPolicy",
      "GuDynamoDBReadPolicy",
      "GuDynamoDBReadPolicy",
      "GuVpcParameter",
      "GuSubnetListParameter",
      "GuCertificate",
      "GuInstanceRole",
      "GuSSMRunCommandPolicy",
      "GuDescribeEC2Policy",
      "GuLoggingStreamNameParameter",
      "GuLogShippingPolicy",
      "GuGetDistributablePolicy",
      "GuParameterStoreReadPolicy",
      "GuAmiParameter",
      "GuHttpsEgressSecurityGroup",
      "GuAutoScalingGroup",
      "GuWazuhAccess",
      "GuSubnetListParameter",
      "GuApplicationLoadBalancer",
      "GuApplicationTargetGroup",
      "GuHttpsApplicationListener",
    ],
    "gu:cdk:version": "TEST",
  },
  "Outputs": Object {
    "LoadBalancerDotcomcomponentsDnsName": Object {
      "Description": "DNS entry for LoadBalancerDotcomcomponents",
      "Value": Object {
        "Fn::GetAtt": Array [
          "LoadBalancerDotcomcomponentsFF5A6F9F",
          "DNSName",
        ],
      },
    },
  },
  "Parameters": Object {
    "AMIDotcomcomponents": Object {
      "Description": "Amazon Machine Image ID for the app dotcom-components. Use this in conjunction with AMIgo to keep AMIs up to date.",
      "Type": "AWS::EC2::Image::Id",
    },
    "BaseUrl": Object {
      "Description": "Base URL of the service.",
      "Type": "String",
    },
    "DistributionBucketName": Object {
      "Default": "/account/services/artifact.bucket",
      "Description": "SSM parameter containing the S3 bucket name holding distribution artifacts",
      "Type": "AWS::SSM::Parameter::Value<String>",
    },
    "ELKStream": Object {
      "Description": "Name of the Kinesis stream used to send logs to the central ELK stack.",
      "Type": "String",
    },
    "LoggingStreamName": Object {
      "Default": "/account/services/logging.stream.name",
      "Description": "SSM parameter containing the Name (not ARN) on the kinesis stream",
      "Type": "AWS::SSM::Parameter::Value<String>",
    },
    "VpcId": Object {
      "Default": "/account/vpc/primary/id",
      "Description": "Virtual Private Cloud to run EC2 instances within. Should NOT be the account default VPC.",
      "Type": "AWS::SSM::Parameter::Value<AWS::EC2::VPC::Id>",
    },
    "dotcomcomponentsPrivateSubnets": Object {
      "Default": "/account/vpc/primary/subnets/private",
      "Description": "A list of private subnets",
      "Type": "AWS::SSM::Parameter::Value<List<AWS::EC2::Subnet::Id>>",
    },
    "dotcomcomponentsPublicSubnets": Object {
      "Default": "/account/vpc/primary/subnets/public",
      "Description": "A list of public subnets",
      "Type": "AWS::SSM::Parameter::Value<List<AWS::EC2::Subnet::Id>>",
    },
  },
  "Resources": Object {
    "AutoScalingGroupDotcomcomponentsASG512C0EA8": Object {
      "Properties": Object {
        "HealthCheckGracePeriod": 120,
        "HealthCheckType": "ELB",
        "LaunchConfigurationName": Object {
          "Ref": "AutoScalingGroupDotcomcomponentsLaunchConfig85091051",
        },
        "MaxSize": "18",
        "MinSize": "3",
        "Tags": Array [
          Object {
            "Key": "App",
            "PropagateAtLaunch": true,
            "Value": "dotcom-components",
          },
          Object {
            "Key": "gu:cdk:pattern-name",
            "PropagateAtLaunch": true,
            "Value": "GuEc2App",
          },
          Object {
            "Key": "gu:cdk:version",
            "PropagateAtLaunch": true,
            "Value": "TEST",
          },
          Object {
            "Key": "gu:repo",
            "PropagateAtLaunch": true,
            "Value": "guardian/support-dotcom-components",
          },
          Object {
            "Key": "LogKinesisStreamName",
            "PropagateAtLaunch": true,
            "Value": Object {
              "Ref": "LoggingStreamName",
            },
          },
          Object {
            "Key": "Name",
            "PropagateAtLaunch": true,
            "Value": "DotcomComponents/AutoScalingGroupDotcomcomponents",
          },
          Object {
            "Key": "Stack",
            "PropagateAtLaunch": true,
            "Value": "support",
          },
          Object {
            "Key": "Stage",
            "PropagateAtLaunch": true,
            "Value": "TEST",
          },
        ],
        "TargetGroupARNs": Array [
          Object {
            "Ref": "TargetGroupDotcomcomponents54FF73AB",
          },
        ],
        "VPCZoneIdentifier": Object {
          "Ref": "dotcomcomponentsPrivateSubnets",
        },
      },
      "Type": "AWS::AutoScaling::AutoScalingGroup",
    },
    "AutoScalingGroupDotcomcomponentsInstanceProfile55946DEC": Object {
      "Properties": Object {
        "Roles": Array [
          Object {
            "Ref": "InstanceRoleDotcomcomponents2E8FDE7D",
          },
        ],
      },
      "Type": "AWS::IAM::InstanceProfile",
    },
    "AutoScalingGroupDotcomcomponentsLaunchConfig85091051": Object {
      "DependsOn": Array [
        "InstanceRoleDotcomcomponents2E8FDE7D",
      ],
      "Properties": Object {
        "IamInstanceProfile": Object {
          "Ref": "AutoScalingGroupDotcomcomponentsInstanceProfile55946DEC",
        },
        "ImageId": Object {
          "Ref": "AMIDotcomcomponents",
        },
        "InstanceType": "t4g.small",
        "MetadataOptions": Object {
          "HttpTokens": "required",
        },
        "SecurityGroups": Array [
          Object {
            "Fn::GetAtt": Array [
              "GuHttpsEgressSecurityGroupDotcomcomponents3638A075",
              "GroupId",
            ],
          },
          Object {
            "Fn::GetAtt": Array [
              "WazuhSecurityGroup",
              "GroupId",
            ],
          },
        ],
        "UserData": Object {
          "Fn::Base64": Object {
            "Fn::Join": Array [
              "",
              Array [
                "#!/bin/bash

groupadd support
useradd -r -m -s /usr/bin/nologin -g support dotcom-components
cd /home/dotcom-components

aws --region eu-west-1 s3 cp s3://",
                Object {
                  "Ref": "DistributionBucketName",
                },
                "/support/TEST/dotcom-components/dotcom-components.tar ./
mkdir dotcom-components
tar -xvf dotcom-components.tar --directory dotcom-components

chown -R dotcom-components:support dotcom-components

cd dotcom-components

export TERM=xterm-256color
export NODE_ENV=production
export stage=TEST
export base_url=",
                Object {
                  "Ref": "BaseUrl",
                },
                "

mkdir /var/log/dotcom-components
chown -R dotcom-components:support /var/log/dotcom-components

/usr/local/node/pm2 start --uid dotcom-components --gid support server.js

/opt/aws-kinesis-agent/configure-aws-kinesis-agent ",
                Object {
                  "Ref": "AWS::Region",
                },
                " ",
                Object {
                  "Ref": "ELKStream",
                },
                " /var/log/dotcom-components/dotcom-components.log",
              ],
            ],
          },
        },
      },
      "Type": "AWS::AutoScaling::LaunchConfiguration",
    },
    "AutoScalingGroupDotcomcomponentsScalingPolicyCpuScalingPolicy29FF9AE6": Object {
      "Properties": Object {
        "AutoScalingGroupName": Object {
          "Ref": "AutoScalingGroupDotcomcomponentsASG512C0EA8",
        },
        "PolicyType": "TargetTrackingScaling",
        "TargetTrackingConfiguration": Object {
          "PredefinedMetricSpecification": Object {
            "PredefinedMetricType": "ASGAverageCPUUtilization",
          },
          "TargetValue": 40,
        },
      },
      "Type": "AWS::AutoScaling::ScalingPolicy",
    },
    "BanditDataLoadError6659BF65": Object {
      "Properties": Object {
        "ActionsEnabled": true,
        "AlarmActions": Array [
          Object {
            "Fn::Join": Array [
              "",
              Array [
                "arn:aws:sns:",
                Object {
                  "Ref": "AWS::Region",
                },
                ":",
                Object {
                  "Ref": "AWS::AccountId",
                },
                ":alarms-handler-topic-PROD",
              ],
            ],
          },
        ],
        "AlarmDescription": "Error fetching bandit samples data from Dynamodb",
        "AlarmName": "support-dotcom-components: Bandit Data loading error - TEST",
        "ComparisonOperator": "GreaterThanOrEqualToThreshold",
        "EvaluationPeriods": 1,
        "MetricName": "bandit-data-load-error",
        "Namespace": "support-dotcom-components-TEST",
        "Period": 3600,
        "Statistic": "Sum",
        "Threshold": 1,
        "TreatMissingData": "notBreaching",
      },
      "Type": "AWS::CloudWatch::Alarm",
    },
    "BanditDataSelectionError8734AF1A": Object {
      "Properties": Object {
        "ActionsEnabled": true,
        "AlarmActions": Array [
          Object {
            "Fn::Join": Array [
              "",
              Array [
                "arn:aws:sns:",
                Object {
                  "Ref": "AWS::Region",
                },
                ":",
                Object {
                  "Ref": "AWS::AccountId",
                },
                ":alarms-handler-topic-PROD",
              ],
            ],
          },
        ],
        "AlarmDescription": "Error selecting variant for bandit test",
        "AlarmName": "support-dotcom-components: Bandit Data selection error - TEST",
        "ComparisonOperator": "GreaterThanOrEqualToThreshold",
        "EvaluationPeriods": 1,
        "MetricName": "bandit-selection-error",
        "Namespace": "support-dotcom-components-TEST",
        "Period": 3600,
        "Statistic": "Sum",
        "Threshold": 1,
        "TreatMissingData": "notBreaching",
      },
      "Type": "AWS::CloudWatch::Alarm",
    },
    "CertificateDotcomcomponents88C2E1C7": Object {
      "DeletionPolicy": "Retain",
      "Properties": Object {
        "DomainName": "dotcom-components-test.support.guardianapis.com",
        "Tags": Array [
          Object {
            "Key": "App",
            "Value": "dotcom-components",
          },
          Object {
            "Key": "gu:cdk:version",
            "Value": "TEST",
          },
          Object {
            "Key": "gu:repo",
            "Value": "guardian/support-dotcom-components",
          },
          Object {
            "Key": "Stack",
            "Value": "support",
          },
          Object {
            "Key": "Stage",
            "Value": "TEST",
          },
        ],
        "ValidationMethod": "DNS",
      },
      "Type": "AWS::CertificateManager::Certificate",
      "UpdateReplacePolicy": "Retain",
    },
    "ChannelTestsAlarmCFFD6DDE": Object {
      "Properties": Object {
        "ActionsEnabled": true,
        "AlarmActions": Array [
          Object {
            "Fn::Join": Array [
              "",
              Array [
                "arn:aws:sns:",
                Object {
                  "Ref": "AWS::Region",
                },
                ":",
                Object {
                  "Ref": "AWS::AccountId",
                },
                ":alarms-handler-topic-PROD",
              ],
            ],
          },
        ],
        "AlarmDescription": "Error fetching channel tests data from Dynamodb",
        "AlarmName": "support-dotcom-components: Channel Tests error - TEST",
        "ComparisonOperator": "GreaterThanOrEqualToThreshold",
        "EvaluationPeriods": 1,
        "MetricName": "channel-tests-error",
        "Namespace": "support-dotcom-components-TEST",
        "Period": 3600,
        "Statistic": "Sum",
        "Threshold": 1,
        "TreatMissingData": "notBreaching",
      },
      "Type": "AWS::CloudWatch::Alarm",
    },
    "DescribeEC2PolicyFF5F9295": Object {
      "Properties": Object {
        "PolicyDocument": Object {
          "Statement": Array [
            Object {
              "Action": Array [
                "autoscaling:DescribeAutoScalingInstances",
                "autoscaling:DescribeAutoScalingGroups",
                "ec2:DescribeTags",
                "ec2:DescribeInstances",
              ],
              "Effect": "Allow",
              "Resource": "*",
            },
          ],
          "Version": "2012-10-17",
        },
        "PolicyName": "describe-ec2-policy",
        "Roles": Array [
          Object {
            "Ref": "InstanceRoleDotcomcomponents2E8FDE7D",
          },
        ],
      },
      "Type": "AWS::IAM::Policy",
    },
    "DynamoBanditReadPolicy18B1E556": Object {
      "Properties": Object {
        "PolicyDocument": Object {
          "Statement": Array [
            Object {
              "Action": Array [
                "dynamodb:BatchGetItem",
                "dynamodb:GetItem",
                "dynamodb:Scan",
                "dynamodb:Query",
                "dynamodb:GetRecords",
              ],
              "Effect": "Allow",
              "Resource": Object {
                "Fn::Join": Array [
                  "",
                  Array [
                    "arn:aws:dynamodb:",
                    Object {
                      "Ref": "AWS::Region",
                    },
                    ":",
                    Object {
                      "Ref": "AWS::AccountId",
                    },
                    ":table/support-bandit-TEST",
                  ],
                ],
              },
            },
          ],
          "Version": "2012-10-17",
        },
        "PolicyName": "DynamoBanditReadPolicy18B1E556",
        "Roles": Array [
          Object {
            "Ref": "InstanceRoleDotcomcomponents2E8FDE7D",
          },
        ],
      },
      "Type": "AWS::IAM::Policy",
    },
    "DynamoBannerDesignsReadPolicyFFB6E89F": Object {
      "Properties": Object {
        "PolicyDocument": Object {
          "Statement": Array [
            Object {
              "Action": Array [
                "dynamodb:BatchGetItem",
                "dynamodb:GetItem",
                "dynamodb:Scan",
                "dynamodb:Query",
                "dynamodb:GetRecords",
              ],
              "Effect": "Allow",
              "Resource": Object {
                "Fn::Join": Array [
                  "",
                  Array [
                    "arn:aws:dynamodb:",
                    Object {
                      "Ref": "AWS::Region",
                    },
                    ":",
                    Object {
                      "Ref": "AWS::AccountId",
                    },
                    ":table/support-admin-console-banner-designs-TEST",
                  ],
                ],
              },
            },
          ],
          "Version": "2012-10-17",
        },
        "PolicyName": "DynamoBannerDesignsReadPolicyFFB6E89F",
        "Roles": Array [
          Object {
            "Ref": "InstanceRoleDotcomcomponents2E8FDE7D",
          },
        ],
      },
      "Type": "AWS::IAM::Policy",
    },
    "DynamoReadPolicy15DC9FD5": Object {
      "Properties": Object {
        "PolicyDocument": Object {
          "Statement": Array [
            Object {
              "Action": Array [
                "dynamodb:BatchGetItem",
                "dynamodb:GetItem",
                "dynamodb:Scan",
                "dynamodb:Query",
                "dynamodb:GetRecords",
              ],
              "Effect": "Allow",
              "Resource": Object {
                "Fn::Join": Array [
                  "",
                  Array [
                    "arn:aws:dynamodb:",
                    Object {
                      "Ref": "AWS::Region",
                    },
                    ":",
                    Object {
                      "Ref": "AWS::AccountId",
                    },
                    ":table/super-mode-TEST",
                  ],
                ],
              },
            },
          ],
          "Version": "2012-10-17",
        },
        "PolicyName": "DynamoReadPolicy15DC9FD5",
        "Roles": Array [
          Object {
            "Ref": "InstanceRoleDotcomcomponents2E8FDE7D",
          },
        ],
      },
      "Type": "AWS::IAM::Policy",
    },
    "DynamoReadPolicySecondaryIndex1A0FDE89": Object {
      "Properties": Object {
        "PolicyDocument": Object {
          "Statement": Array [
            Object {
              "Action": Array [
                "dynamodb:BatchGetItem",
                "dynamodb:GetItem",
                "dynamodb:Scan",
                "dynamodb:Query",
                "dynamodb:GetRecords",
              ],
              "Effect": "Allow",
              "Resource": Object {
                "Fn::Join": Array [
                  "",
                  Array [
                    "arn:aws:dynamodb:",
                    Object {
                      "Ref": "AWS::Region",
                    },
                    ":",
                    Object {
                      "Ref": "AWS::AccountId",
                    },
                    ":table/super-mode-TEST/index/*",
                  ],
                ],
              },
            },
          ],
          "Version": "2012-10-17",
        },
        "PolicyName": "DynamoReadPolicySecondaryIndex1A0FDE89",
        "Roles": Array [
          Object {
            "Ref": "InstanceRoleDotcomcomponents2E8FDE7D",
          },
        ],
      },
      "Type": "AWS::IAM::Policy",
    },
    "DynamoTestsReadPolicy0CE3158B": Object {
      "Properties": Object {
        "PolicyDocument": Object {
          "Statement": Array [
            Object {
              "Action": Array [
                "dynamodb:BatchGetItem",
                "dynamodb:GetItem",
                "dynamodb:Scan",
                "dynamodb:Query",
                "dynamodb:GetRecords",
              ],
              "Effect": "Allow",
              "Resource": Object {
                "Fn::Join": Array [
                  "",
                  Array [
                    "arn:aws:dynamodb:",
                    Object {
                      "Ref": "AWS::Region",
                    },
                    ":",
                    Object {
                      "Ref": "AWS::AccountId",
                    },
                    ":table/support-admin-console-channel-tests-TEST",
                  ],
                ],
              },
            },
          ],
          "Version": "2012-10-17",
        },
        "PolicyName": "DynamoTestsReadPolicy0CE3158B",
        "Roles": Array [
          Object {
            "Ref": "InstanceRoleDotcomcomponents2E8FDE7D",
          },
        ],
      },
      "Type": "AWS::IAM::Policy",
    },
    "GetDistributablePolicyDotcomcomponentsDB5B987B": Object {
      "Properties": Object {
        "PolicyDocument": Object {
          "Statement": Array [
            Object {
              "Action": "s3:GetObject",
              "Effect": "Allow",
              "Resource": Object {
                "Fn::Join": Array [
                  "",
                  Array [
                    "arn:aws:s3:::",
                    Object {
                      "Ref": "DistributionBucketName",
                    },
                    "/support/TEST/dotcom-components/*",
                  ],
                ],
              },
            },
          ],
          "Version": "2012-10-17",
        },
        "PolicyName": "GetDistributablePolicyDotcomcomponentsDB5B987B",
        "Roles": Array [
          Object {
            "Ref": "InstanceRoleDotcomcomponents2E8FDE7D",
          },
        ],
      },
      "Type": "AWS::IAM::Policy",
    },
    "GuHttpsEgressSecurityGroupDotcomcomponents3638A075": Object {
      "Properties": Object {
        "GroupDescription": "Allow all outbound HTTPS traffic",
        "SecurityGroupEgress": Array [
          Object {
            "CidrIp": "0.0.0.0/0",
            "Description": "Allow all outbound HTTPS traffic",
            "FromPort": 443,
            "IpProtocol": "tcp",
            "ToPort": 443,
          },
        ],
        "Tags": Array [
          Object {
            "Key": "App",
            "Value": "dotcom-components",
          },
          Object {
            "Key": "gu:cdk:version",
            "Value": "TEST",
          },
          Object {
            "Key": "gu:repo",
            "Value": "guardian/support-dotcom-components",
          },
          Object {
            "Key": "Stack",
            "Value": "support",
          },
          Object {
            "Key": "Stage",
            "Value": "TEST",
          },
        ],
        "VpcId": Object {
          "Ref": "VpcId",
        },
      },
      "Type": "AWS::EC2::SecurityGroup",
    },
    "GuHttpsEgressSecurityGroupDotcomcomponentsfromDotcomComponentsLoadBalancerDotcomcomponentsSecurityGroup54E3D2CA3030F5C9C874": Object {
      "Properties": Object {
        "Description": "Load balancer to target",
        "FromPort": 3030,
        "GroupId": Object {
          "Fn::GetAtt": Array [
            "GuHttpsEgressSecurityGroupDotcomcomponents3638A075",
            "GroupId",
          ],
        },
        "IpProtocol": "tcp",
        "SourceSecurityGroupId": Object {
          "Fn::GetAtt": Array [
            "LoadBalancerDotcomcomponentsSecurityGroupD06C9706",
            "GroupId",
          ],
        },
        "ToPort": 3030,
      },
      "Type": "AWS::EC2::SecurityGroupIngress",
    },
    "GuLogShippingPolicy981BFE5A": Object {
      "Properties": Object {
        "PolicyDocument": Object {
          "Statement": Array [
            Object {
              "Action": Array [
                "kinesis:Describe*",
                "kinesis:Put*",
              ],
              "Effect": "Allow",
              "Resource": Object {
                "Fn::Join": Array [
                  "",
                  Array [
                    "arn:aws:kinesis:",
                    Object {
                      "Ref": "AWS::Region",
                    },
                    ":",
                    Object {
                      "Ref": "AWS::AccountId",
                    },
                    ":stream/",
                    Object {
                      "Ref": "LoggingStreamName",
                    },
                  ],
                ],
              },
            },
          ],
          "Version": "2012-10-17",
        },
        "PolicyName": "GuLogShippingPolicy981BFE5A",
        "Roles": Array [
          Object {
            "Ref": "InstanceRoleDotcomcomponents2E8FDE7D",
          },
        ],
      },
      "Type": "AWS::IAM::Policy",
    },
    "GuPutCloudwatchMetricsPolicyC5BCE402": Object {
      "Properties": Object {
        "PolicyDocument": Object {
          "Statement": Array [
            Object {
              "Action": "cloudwatch:PutMetricData",
              "Effect": "Allow",
              "Resource": "*",
            },
          ],
          "Version": "2012-10-17",
        },
        "PolicyName": "GuPutCloudwatchMetricsPolicyC5BCE402",
        "Roles": Array [
          Object {
            "Ref": "InstanceRoleDotcomcomponents2E8FDE7D",
          },
        ],
      },
      "Type": "AWS::IAM::Policy",
    },
    "InstanceRoleDotcomcomponents2E8FDE7D": Object {
      "Properties": Object {
        "AssumeRolePolicyDocument": Object {
          "Statement": Array [
            Object {
              "Action": "sts:AssumeRole",
              "Effect": "Allow",
              "Principal": Object {
                "Service": Object {
                  "Fn::Join": Array [
                    "",
                    Array [
                      "ec2.",
                      Object {
                        "Ref": "AWS::URLSuffix",
                      },
                    ],
                  ],
                },
              },
            },
          ],
          "Version": "2012-10-17",
        },
        "Path": "/",
        "Tags": Array [
          Object {
            "Key": "App",
            "Value": "dotcom-components",
          },
          Object {
            "Key": "gu:cdk:version",
            "Value": "TEST",
          },
          Object {
            "Key": "gu:repo",
            "Value": "guardian/support-dotcom-components",
          },
          Object {
            "Key": "Stack",
            "Value": "support",
          },
          Object {
            "Key": "Stage",
            "Value": "TEST",
          },
        ],
      },
      "Type": "AWS::IAM::Role",
    },
    "ListenerDotcomcomponentsF68CDC56": Object {
      "Properties": Object {
        "Certificates": Array [
          Object {
            "CertificateArn": Object {
              "Ref": "CertificateDotcomcomponents88C2E1C7",
            },
          },
        ],
        "DefaultActions": Array [
          Object {
            "TargetGroupArn": Object {
              "Ref": "TargetGroupDotcomcomponents54FF73AB",
            },
            "Type": "forward",
          },
        ],
        "LoadBalancerArn": Object {
          "Ref": "LoadBalancerDotcomcomponentsFF5A6F9F",
        },
        "Port": 443,
        "Protocol": "HTTPS",
      },
      "Type": "AWS::ElasticLoadBalancingV2::Listener",
    },
    "LoadBalancerDotcomcomponentsFF5A6F9F": Object {
      "Properties": Object {
        "LoadBalancerAttributes": Array [
          Object {
            "Key": "deletion_protection.enabled",
            "Value": "true",
          },
        ],
        "Scheme": "internet-facing",
        "SecurityGroups": Array [
          Object {
            "Fn::GetAtt": Array [
              "LoadBalancerDotcomcomponentsSecurityGroupD06C9706",
              "GroupId",
            ],
          },
        ],
        "Subnets": Object {
          "Ref": "dotcomcomponentsPublicSubnets",
        },
        "Tags": Array [
          Object {
            "Key": "App",
            "Value": "dotcom-components",
          },
          Object {
            "Key": "gu:cdk:version",
            "Value": "TEST",
          },
          Object {
            "Key": "gu:repo",
            "Value": "guardian/support-dotcom-components",
          },
          Object {
            "Key": "Stack",
            "Value": "support",
          },
          Object {
            "Key": "Stage",
            "Value": "TEST",
          },
        ],
        "Type": "application",
      },
      "Type": "AWS::ElasticLoadBalancingV2::LoadBalancer",
    },
    "LoadBalancerDotcomcomponentsSecurityGroupD06C9706": Object {
      "Properties": Object {
        "GroupDescription": "Automatically created Security Group for ELB DotcomComponentsLoadBalancerDotcomcomponentsAF9F12FF",
        "SecurityGroupIngress": Array [
          Object {
            "CidrIp": "0.0.0.0/0",
            "Description": "Allow from anyone on port 443",
            "FromPort": 443,
            "IpProtocol": "tcp",
            "ToPort": 443,
          },
        ],
        "Tags": Array [
          Object {
            "Key": "App",
            "Value": "dotcom-components",
          },
          Object {
            "Key": "gu:cdk:version",
            "Value": "TEST",
          },
          Object {
            "Key": "gu:repo",
            "Value": "guardian/support-dotcom-components",
          },
          Object {
            "Key": "Stack",
            "Value": "support",
          },
          Object {
            "Key": "Stage",
            "Value": "TEST",
          },
        ],
        "VpcId": Object {
          "Ref": "VpcId",
        },
      },
      "Type": "AWS::EC2::SecurityGroup",
    },
    "LoadBalancerDotcomcomponentsSecurityGrouptoDotcomComponentsGuHttpsEgressSecurityGroupDotcomcomponentsFA67604E3030942D3CE4": Object {
      "Properties": Object {
        "Description": "Load balancer to target",
        "DestinationSecurityGroupId": Object {
          "Fn::GetAtt": Array [
            "GuHttpsEgressSecurityGroupDotcomcomponents3638A075",
            "GroupId",
          ],
        },
        "FromPort": 3030,
        "GroupId": Object {
          "Fn::GetAtt": Array [
            "LoadBalancerDotcomcomponentsSecurityGroupD06C9706",
            "GroupId",
          ],
        },
        "IpProtocol": "tcp",
        "ToPort": 3030,
      },
      "Type": "AWS::EC2::SecurityGroupEgress",
    },
    "LoadBannerDesignsAlarmE829BAEA": Object {
      "Properties": Object {
        "ActionsEnabled": true,
        "AlarmActions": Array [
          Object {
            "Fn::Join": Array [
              "",
              Array [
                "arn:aws:sns:",
                Object {
                  "Ref": "AWS::Region",
                },
                ":",
                Object {
                  "Ref": "AWS::AccountId",
                },
                ":alarms-handler-topic-PROD",
              ],
            ],
          },
        ],
        "AlarmDescription": "Error fetching banner designs from Dynamodb",
        "AlarmName": "support-dotcom-components: Banner Designs loading error - TEST",
        "ComparisonOperator": "GreaterThanOrEqualToThreshold",
        "EvaluationPeriods": 1,
        "MetricName": "banner-designs-load-error",
        "Namespace": "support-dotcom-components-TEST",
        "Period": 3600,
        "Statistic": "Sum",
        "Threshold": 1,
        "TreatMissingData": "notBreaching",
      },
      "Type": "AWS::CloudWatch::Alarm",
    },
    "ParameterStoreReadDotcomcomponents7A7C8BD4": Object {
      "Properties": Object {
        "PolicyDocument": Object {
          "Statement": Array [
            Object {
              "Action": "ssm:GetParametersByPath",
              "Effect": "Allow",
              "Resource": Object {
                "Fn::Join": Array [
                  "",
                  Array [
                    "arn:aws:ssm:",
                    Object {
                      "Ref": "AWS::Region",
                    },
                    ":",
                    Object {
                      "Ref": "AWS::AccountId",
                    },
                    ":parameter/TEST/support/dotcom-components",
                  ],
                ],
              },
            },
            Object {
              "Action": Array [
                "ssm:GetParameters",
                "ssm:GetParameter",
              ],
              "Effect": "Allow",
              "Resource": Object {
                "Fn::Join": Array [
                  "",
                  Array [
                    "arn:aws:ssm:",
                    Object {
                      "Ref": "AWS::Region",
                    },
                    ":",
                    Object {
                      "Ref": "AWS::AccountId",
                    },
                    ":parameter/TEST/support/dotcom-components/*",
                  ],
                ],
              },
            },
          ],
          "Version": "2012-10-17",
        },
        "PolicyName": "parameter-store-read-policy",
        "Roles": Array [
          Object {
            "Ref": "InstanceRoleDotcomcomponents2E8FDE7D",
          },
        ],
      },
      "Type": "AWS::IAM::Policy",
    },
    "S3ReadPolicyGuContributionsPublic821CE426": Object {
      "Properties": Object {
        "PolicyDocument": Object {
          "Statement": Array [
            Object {
              "Action": "s3:GetObject",
              "Effect": "Allow",
              "Resource": Array [
                "arn:aws:s3:::gu-contributions-public/epic/TEST/*",
                "arn:aws:s3:::gu-contributions-public/header/TEST/*",
                "arn:aws:s3:::gu-contributions-public/banner/TEST/*",
              ],
            },
          ],
          "Version": "2012-10-17",
        },
        "PolicyName": "S3ReadPolicyGuContributionsPublic821CE426",
        "Roles": Array [
          Object {
            "Ref": "InstanceRoleDotcomcomponents2E8FDE7D",
          },
        ],
      },
      "Type": "AWS::IAM::Policy",
    },
    "S3ReadPolicySupportAdminConsole06C5574B": Object {
      "Properties": Object {
        "PolicyDocument": Object {
          "Statement": Array [
            Object {
              "Action": "s3:GetObject",
              "Effect": "Allow",
              "Resource": Array [
                "arn:aws:s3:::support-admin-console/TEST/banner-deploy/*",
                "arn:aws:s3:::support-admin-console/TEST/channel-switches.json",
                "arn:aws:s3:::support-admin-console/TEST/configured-amounts-v3.json",
                "arn:aws:s3:::support-admin-console/TEST/guardian-weekly-propensity-test/*",
              ],
            },
          ],
          "Version": "2012-10-17",
        },
        "PolicyName": "S3ReadPolicySupportAdminConsole06C5574B",
        "Roles": Array [
          Object {
            "Ref": "InstanceRoleDotcomcomponents2E8FDE7D",
          },
        ],
      },
      "Type": "AWS::IAM::Policy",
    },
    "SSMRunCommandPolicy244E1613": Object {
      "Properties": Object {
        "PolicyDocument": Object {
          "Statement": Array [
            Object {
              "Action": Array [
                "ec2messages:AcknowledgeMessage",
                "ec2messages:DeleteMessage",
                "ec2messages:FailMessage",
                "ec2messages:GetEndpoint",
                "ec2messages:GetMessages",
                "ec2messages:SendReply",
                "ssm:UpdateInstanceInformation",
                "ssm:ListInstanceAssociations",
                "ssm:DescribeInstanceProperties",
                "ssm:DescribeDocumentParameters",
                "ssmmessages:CreateControlChannel",
                "ssmmessages:CreateDataChannel",
                "ssmmessages:OpenControlChannel",
                "ssmmessages:OpenDataChannel",
              ],
              "Effect": "Allow",
              "Resource": "*",
            },
          ],
          "Version": "2012-10-17",
        },
        "PolicyName": "ssm-run-command-policy",
        "Roles": Array [
          Object {
            "Ref": "InstanceRoleDotcomcomponents2E8FDE7D",
          },
        ],
      },
      "Type": "AWS::IAM::Policy",
    },
    "SuperModeAlarmDBFE793D": Object {
      "Properties": Object {
        "ActionsEnabled": true,
        "AlarmActions": Array [
          Object {
            "Fn::Join": Array [
              "",
              Array [
                "arn:aws:sns:",
                Object {
                  "Ref": "AWS::Region",
                },
                ":",
                Object {
                  "Ref": "AWS::AccountId",
                },
                ":alarms-handler-topic-PROD",
              ],
            ],
          },
        ],
        "AlarmDescription": "Error fetching Epic Super Mode data from Dynamodb",
        "AlarmName": "support-dotcom-components: Super Mode error - TEST",
        "ComparisonOperator": "GreaterThanOrEqualToThreshold",
        "EvaluationPeriods": 1,
        "MetricName": "super-mode-error",
        "Namespace": "support-dotcom-components-TEST",
        "Period": 3600,
        "Statistic": "Sum",
        "Threshold": 1,
        "TreatMissingData": "notBreaching",
      },
      "Type": "AWS::CloudWatch::Alarm",
    },
    "TargetGroupDotcomcomponents54FF73AB": Object {
      "Properties": Object {
        "HealthCheckIntervalSeconds": 10,
        "HealthCheckPath": "/healthcheck",
        "HealthCheckProtocol": "HTTP",
        "HealthCheckTimeoutSeconds": 5,
        "HealthyThresholdCount": 5,
        "Port": 3030,
        "Protocol": "HTTP",
        "Tags": Array [
          Object {
            "Key": "App",
            "Value": "dotcom-components",
          },
          Object {
            "Key": "gu:cdk:version",
            "Value": "TEST",
          },
          Object {
            "Key": "gu:repo",
            "Value": "guardian/support-dotcom-components",
          },
          Object {
            "Key": "Stack",
            "Value": "support",
          },
          Object {
            "Key": "Stage",
            "Value": "TEST",
          },
        ],
        "TargetGroupAttributes": Array [
          Object {
            "Key": "deregistration_delay.timeout_seconds",
            "Value": "30",
          },
          Object {
            "Key": "stickiness.enabled",
            "Value": "false",
          },
        ],
        "TargetType": "instance",
        "UnhealthyThresholdCount": 2,
        "VpcId": Object {
          "Ref": "VpcId",
        },
      },
      "Type": "AWS::ElasticLoadBalancingV2::TargetGroup",
    },
    "WazuhSecurityGroup": Object {
      "Properties": Object {
        "GroupDescription": "Allow outbound traffic from wazuh agent to manager",
        "SecurityGroupEgress": Array [
          Object {
            "CidrIp": "0.0.0.0/0",
            "Description": "Wazuh event logging",
            "FromPort": 1514,
            "IpProtocol": "tcp",
            "ToPort": 1514,
          },
          Object {
            "CidrIp": "0.0.0.0/0",
            "Description": "Wazuh agent registration",
            "FromPort": 1515,
            "IpProtocol": "tcp",
            "ToPort": 1515,
          },
        ],
        "Tags": Array [
          Object {
            "Key": "gu:cdk:version",
            "Value": "TEST",
          },
          Object {
            "Key": "gu:repo",
            "Value": "guardian/support-dotcom-components",
          },
          Object {
            "Key": "Stack",
            "Value": "support",
          },
          Object {
            "Key": "Stage",
            "Value": "TEST",
          },
        ],
        "VpcId": Object {
          "Ref": "VpcId",
        },
      },
      "Type": "AWS::EC2::SecurityGroup",
    },
  },
}
`;
